mode: set
gitea-devops-shared-threefld-cicd.apps.c4.us-east-1.dev.aws.ocp.14west.io/cicd/trackmate-cron-interface/pkg/validator/validate.go:14.59,17.27 3 1
gitea-devops-shared-threefld-cicd.apps.c4.us-east-1.dev.aws.ocp.14west.io/cicd/trackmate-cron-interface/pkg/validator/validate.go:25.2,25.12 1 1
gitea-devops-shared-threefld-cicd.apps.c4.us-east-1.dev.aws.ocp.14west.io/cicd/trackmate-cron-interface/pkg/validator/validate.go:17.27,18.15 1 1
gitea-devops-shared-threefld-cicd.apps.c4.us-east-1.dev.aws.ocp.14west.io/cicd/trackmate-cron-interface/pkg/validator/validate.go:18.15,21.4 2 1
gitea-devops-shared-threefld-cicd.apps.c4.us-east-1.dev.aws.ocp.14west.io/cicd/trackmate-cron-interface/pkg/validator/validate.go:21.9,23.4 1 1
gitea-devops-shared-threefld-cicd.apps.c4.us-east-1.dev.aws.ocp.14west.io/cicd/trackmate-cron-interface/pkg/validator/validate.go:31.50,45.26 2 1
gitea-devops-shared-threefld-cicd.apps.c4.us-east-1.dev.aws.ocp.14west.io/cicd/trackmate-cron-interface/pkg/validator/validate.go:50.2,50.12 1 1
gitea-devops-shared-threefld-cicd.apps.c4.us-east-1.dev.aws.ocp.14west.io/cicd/trackmate-cron-interface/pkg/validator/validate.go:45.26,46.54 1 1
gitea-devops-shared-threefld-cicd.apps.c4.us-east-1.dev.aws.ocp.14west.io/cicd/trackmate-cron-interface/pkg/validator/validate.go:46.54,48.4 1 1
gitea-devops-shared-threefld-cicd.apps.c4.us-east-1.dev.aws.ocp.14west.io/cicd/trackmate-cron-interface/pkg/handlers/zip-transfer.go:17.48,23.66 4 1
gitea-devops-shared-threefld-cicd.apps.c4.us-east-1.dev.aws.ocp.14west.io/cicd/trackmate-cron-interface/pkg/handlers/zip-transfer.go:29.2,33.16 4 1
gitea-devops-shared-threefld-cicd.apps.c4.us-east-1.dev.aws.ocp.14west.io/cicd/trackmate-cron-interface/pkg/handlers/zip-transfer.go:38.2,42.16 5 1
gitea-devops-shared-threefld-cicd.apps.c4.us-east-1.dev.aws.ocp.14west.io/cicd/trackmate-cron-interface/pkg/handlers/zip-transfer.go:46.2,53.14 3 1
gitea-devops-shared-threefld-cicd.apps.c4.us-east-1.dev.aws.ocp.14west.io/cicd/trackmate-cron-interface/pkg/handlers/zip-transfer.go:58.2,59.14 2 1
gitea-devops-shared-threefld-cicd.apps.c4.us-east-1.dev.aws.ocp.14west.io/cicd/trackmate-cron-interface/pkg/handlers/zip-transfer.go:64.2,65.14 2 1
gitea-devops-shared-threefld-cicd.apps.c4.us-east-1.dev.aws.ocp.14west.io/cicd/trackmate-cron-interface/pkg/handlers/zip-transfer.go:70.2,70.12 1 1
gitea-devops-shared-threefld-cicd.apps.c4.us-east-1.dev.aws.ocp.14west.io/cicd/trackmate-cron-interface/pkg/handlers/zip-transfer.go:23.66,27.3 3 1
gitea-devops-shared-threefld-cicd.apps.c4.us-east-1.dev.aws.ocp.14west.io/cicd/trackmate-cron-interface/pkg/handlers/zip-transfer.go:33.16,36.3 2 1
gitea-devops-shared-threefld-cicd.apps.c4.us-east-1.dev.aws.ocp.14west.io/cicd/trackmate-cron-interface/pkg/handlers/zip-transfer.go:42.16,44.3 1 0
gitea-devops-shared-threefld-cicd.apps.c4.us-east-1.dev.aws.ocp.14west.io/cicd/trackmate-cron-interface/pkg/handlers/zip-transfer.go:53.14,56.3 2 1
gitea-devops-shared-threefld-cicd.apps.c4.us-east-1.dev.aws.ocp.14west.io/cicd/trackmate-cron-interface/pkg/handlers/zip-transfer.go:59.14,62.3 2 0
gitea-devops-shared-threefld-cicd.apps.c4.us-east-1.dev.aws.ocp.14west.io/cicd/trackmate-cron-interface/pkg/handlers/zip-transfer.go:65.14,68.3 2 0
